// Jest Snapshot v1, https://goo.gl/fbAQLP

exports[`Query test takes in query and confirms state change 1`] = `
<DocumentFragment>
  <form>
    <label
      for="country"
    >
      Country
    </label>
    <input
      id="country"
      name="country"
      type="text"
      value=""
    />
    <button
      aria-label="get-articles"
    >
      Select from Country
    </button>
  </form>
</DocumentFragment>
`;
